2026-05-06 18:47:01 [main] INFO  UserTests - *********Create User test ********
2026-05-06 18:47:04 [main] INFO  UserTests - ********* User is created ********
2026-05-06 18:47:04 [main] INFO  UserTests - *********Read User details ********
2026-05-06 18:47:06 [main] INFO  UserTests - ********* User details are displayed ********
2026-05-06 18:47:06 [main] INFO  UserTests - *********Update  User details ********
2026-05-06 18:47:10 [main] INFO  UserTests - ********* User details are updated ********
2026-05-06 18:47:10 [main] INFO  UserTests - *********Delete  User details ********
2026-05-06 18:47:12 [main] INFO  UserTests - ********* User details deleted********
2026-05-07 09:25:06 [main] INFO  UserTests2 - *********Create User test ********
2026-05-07 09:25:07 [main] INFO  UserTests2 - *********Read User details ********
2026-05-07 09:25:07 [main] INFO  UserTests2 - *********Update  User details ********
2026-05-07 09:25:07 [main] INFO  UserTests2 - *********Delete  User details ********
2026-05-07 09:25:48 [main] INFO  UserTests2 - *********Create User test ********
2026-05-07 09:29:42 [main] INFO  UserTests2 - *********Create User test ********
2026-05-07 09:30:55 [main] INFO  UserTests2 - *********Read User details ********
2026-05-07 09:32:56 [main] INFO  UserTests2 - *********Read User details ********
2026-05-07 09:33:04 [main] INFO  UserTests2 - *********Create User test ********
2026-05-07 09:35:46 [main] INFO  UserTests2 - *********Create User test ********
2026-05-07 09:38:10 [main] INFO  UserTests2 - *********Create User test ********
2026-05-07 09:40:40 [main] INFO  UserTests2 - *********Create User test ********
2026-05-07 09:40:43 [main] INFO  UserTests2 - ********* User is created ********
2026-05-07 09:40:52 [main] INFO  UserTests2 - *********Create User test ********
2026-05-07 09:40:55 [main] INFO  UserTests2 - ********* User is created ********
2026-05-07 09:40:55 [main] INFO  UserTests2 - *********Read User details ********
2026-05-07 09:40:57 [main] INFO  UserTests2 - ********* User details are displayed ********
2026-05-07 09:40:57 [main] INFO  UserTests2 - *********Update  User details ********
2026-05-07 09:41:00 [main] INFO  UserTests2 - ********* User details are updated ********
2026-05-07 09:41:00 [main] INFO  UserTests2 - *********Delete  User details ********
2026-05-07 09:41:02 [main] INFO  UserTests2 - ********* User details deleted********
2026-05-07 09:44:06 [main] INFO  UserTests2 - *********Create User test ********
2026-05-07 09:44:09 [main] INFO  UserTests2 - ********* User is created ********
2026-05-07 09:44:09 [main] INFO  UserTests2 - *********Read User details ********
2026-05-07 09:44:11 [main] INFO  UserTests2 - ********* User details are displayed ********
2026-05-07 09:44:11 [main] INFO  UserTests2 - *********Update  User details ********
2026-05-07 09:44:15 [main] INFO  UserTests2 - ********* User details are updated ********
2026-05-07 09:44:15 [main] INFO  UserTests2 - *********Delete  User details ********
2026-05-07 09:44:17 [main] INFO  UserTests2 - ********* User details deleted********
2026-05-07 09:46:28 [main] INFO  UserTests2 - *********Create User test ********
2026-05-07 09:46:32 [main] INFO  UserTests2 - ********* User is created ********
2026-05-07 09:46:32 [main] INFO  UserTests2 - *********Read User details ********
2026-05-07 09:46:33 [main] INFO  UserTests2 - ********* User details are displayed ********
2026-05-07 09:46:33 [main] INFO  UserTests2 - *********Update  User details ********
2026-05-07 09:46:37 [main] INFO  UserTests2 - ********* User details are updated ********
2026-05-07 09:46:37 [main] INFO  UserTests2 - *********Delete  User details ********
2026-05-07 09:46:39 [main] INFO  UserTests2 - ********* User details deleted********
